{"level":"info","message":"test log()","timestamp":"2026-04-05 00:12:09"}
{"key":"val","level":"info","message":"test logger.info","timestamp":"2026-04-05 00:12:09"}
{"level":"info","message":"Starting agentx-data v1.0.0 (production)","timestamp":"2026-04-05 00:15:37"}
{"level":"info","message":"Connected to MongoDB at mongodb://192.168.2.33:27017/agentx","timestamp":"2026-04-05 00:15:37"}
{"level":"info","message":"agentx-data listening on port 3083","timestamp":"2026-04-05 00:15:39"}
{"level":"info","message":"[liveData] Config reloaded: {\"liveDataEnabled\":false,\"iss\":false,\"quakes\":false,\"weather\":false}","timestamp":"2026-04-05 00:15:39"}
{"level":"info","message":"[liveData] Master switch OFF — no intervals","timestamp":"2026-04-05 00:15:39"}
{"level":"info","message":"[liveData] Initialized","timestamp":"2026-04-05 00:15:39"}
{"level":"info","message":"agentx-data shut down.","timestamp":"2026-04-05 01:21:08"}
{"level":"info","message":"Starting agentx-data v1.0.0 (production)","timestamp":"2026-04-05 01:21:09"}
{"level":"info","message":"Connected to MongoDB at mongodb://192.168.2.33:27017/agentx","timestamp":"2026-04-05 01:21:09"}
{"level":"info","message":"agentx-data listening on port 3083","timestamp":"2026-04-05 01:21:09"}
{"level":"info","message":"[liveData] Config reloaded: {\"liveDataEnabled\":false,\"iss\":false,\"quakes\":false,\"weather\":false}","timestamp":"2026-04-05 01:21:09"}
{"level":"info","message":"[liveData] Master switch OFF — no intervals","timestamp":"2026-04-05 01:21:09"}
{"level":"info","message":"[liveData] Initialized","timestamp":"2026-04-05 01:21:09"}
{"level":"info","message":"agentx-data shut down.","timestamp":"2026-04-05 01:24:11"}
{"level":"info","message":"Starting agentx-data v1.0.0 (production)","timestamp":"2026-04-05 01:24:12"}
{"level":"info","message":"Connected to MongoDB at mongodb://192.168.2.33:27017/agentx","timestamp":"2026-04-05 01:24:12"}
{"level":"info","message":"agentx-data listening on port 3083","timestamp":"2026-04-05 01:24:12"}
{"level":"info","message":"[liveData] Config reloaded: {\"liveDataEnabled\":false,\"iss\":false,\"quakes\":false,\"weather\":false}","timestamp":"2026-04-05 01:24:12"}
{"level":"info","message":"[liveData] Master switch OFF — no intervals","timestamp":"2026-04-05 01:24:12"}
{"level":"info","message":"[liveData] Initialized","timestamp":"2026-04-05 01:24:12"}
{"level":"info","message":"agentx-data shut down.","timestamp":"2026-04-05 01:58:40"}
{"level":"info","message":"Starting agentx-data v1.0.0 (production)","timestamp":"2026-04-05 01:58:42"}
{"level":"info","message":"Connected to MongoDB at mongodb://192.168.2.33:27017/agentx","timestamp":"2026-04-05 01:58:42"}
{"level":"info","message":"agentx-data listening on port 3083","timestamp":"2026-04-05 01:58:42"}
{"level":"info","message":"[liveData] Config reloaded: {\"liveDataEnabled\":false,\"iss\":false,\"quakes\":false,\"weather\":false}","timestamp":"2026-04-05 01:58:42"}
{"level":"info","message":"[liveData] Master switch OFF — no intervals","timestamp":"2026-04-05 01:58:42"}
{"level":"info","message":"[liveData] Initialized","timestamp":"2026-04-05 01:58:42"}
{"level":"info","message":"agentx-data shut down.","timestamp":"2026-04-05 01:59:56"}
{"level":"info","message":"Starting agentx-data v1.0.0 (production)","timestamp":"2026-04-05 01:59:57"}
{"level":"info","message":"Connected to MongoDB at mongodb://192.168.2.33:27017/agentx","timestamp":"2026-04-05 01:59:57"}
{"level":"info","message":"agentx-data listening on port 3083","timestamp":"2026-04-05 01:59:57"}
{"level":"info","message":"[liveData] Config reloaded: {\"liveDataEnabled\":false,\"iss\":false,\"quakes\":false,\"weather\":false}","timestamp":"2026-04-05 01:59:57"}
{"level":"info","message":"[liveData] Master switch OFF — no intervals","timestamp":"2026-04-05 01:59:57"}
{"level":"info","message":"[liveData] Initialized","timestamp":"2026-04-05 01:59:57"}
{"level":"info","message":"agentx-data shut down.","timestamp":"2026-04-05 02:06:11"}
{"level":"info","message":"Starting agentx-data v1.0.0 (production)","timestamp":"2026-04-05 02:06:12"}
{"level":"info","message":"Connected to MongoDB at mongodb://192.168.2.33:27017/agentx","timestamp":"2026-04-05 02:06:12"}
{"level":"info","message":"agentx-data listening on port 3083","timestamp":"2026-04-05 02:06:12"}
{"level":"info","message":"[liveData] Config reloaded: {\"liveDataEnabled\":false,\"iss\":false,\"quakes\":false,\"weather\":false}","timestamp":"2026-04-05 02:06:12"}
{"level":"info","message":"[liveData] Master switch OFF — no intervals","timestamp":"2026-04-05 02:06:12"}
{"level":"info","message":"[liveData] Initialized","timestamp":"2026-04-05 02:06:12"}
{"level":"info","message":"agentx-data shut down.","timestamp":"2026-04-05 02:10:47"}
{"level":"info","message":"Starting agentx-data v1.0.0 (production)","timestamp":"2026-04-05 02:10:47"}
{"level":"info","message":"Connected to MongoDB at mongodb://192.168.2.33:27017/agentx","timestamp":"2026-04-05 02:10:47"}
{"level":"info","message":"agentx-data listening on port 3083","timestamp":"2026-04-05 02:10:47"}
{"level":"info","message":"[liveData] Config reloaded: {\"liveDataEnabled\":false,\"iss\":false,\"quakes\":false,\"weather\":false}","timestamp":"2026-04-05 02:10:47"}
{"level":"info","message":"[liveData] Master switch OFF — no intervals","timestamp":"2026-04-05 02:10:47"}
{"level":"info","message":"[liveData] Initialized","timestamp":"2026-04-05 02:10:47"}
{"level":"info","message":"agentx-data shut down.","timestamp":"2026-04-05 02:27:58"}
{"level":"info","message":"Starting agentx-data v1.0.0 (production)","timestamp":"2026-04-05 02:27:59"}
{"level":"info","message":"Connected to MongoDB at mongodb://192.168.2.33:27017/agentx","timestamp":"2026-04-05 02:27:59"}
{"level":"info","message":"agentx-data listening on port 3083","timestamp":"2026-04-05 02:27:59"}
{"level":"info","message":"[liveData] Config reloaded: {\"liveDataEnabled\":false,\"iss\":false,\"quakes\":false,\"weather\":false}","timestamp":"2026-04-05 02:27:59"}
{"level":"info","message":"[liveData] Master switch OFF — no intervals","timestamp":"2026-04-05 02:27:59"}
{"level":"info","message":"[liveData] Initialized","timestamp":"2026-04-05 02:27:59"}
{"level":"info","message":"agentx-data shut down.","timestamp":"2026-04-05 03:04:58"}
{"level":"info","message":"Starting agentx-data v1.0.0 (production)","timestamp":"2026-04-05 03:04:59"}
{"level":"info","message":"Connected to MongoDB at mongodb://192.168.2.33:27017/agentx","timestamp":"2026-04-05 03:04:59"}
{"level":"info","message":"agentx-data listening on port 3083","timestamp":"2026-04-05 03:04:59"}
{"level":"info","message":"[liveData] Config reloaded: {\"liveDataEnabled\":false,\"iss\":false,\"quakes\":false,\"weather\":false}","timestamp":"2026-04-05 03:04:59"}
{"level":"info","message":"[liveData] Master switch OFF — no intervals","timestamp":"2026-04-05 03:04:59"}
{"level":"info","message":"[liveData] Initialized","timestamp":"2026-04-05 03:04:59"}
{"level":"info","message":"agentx-data shut down.","timestamp":"2026-04-05 03:25:48"}
{"level":"info","message":"Starting agentx-data v1.0.0 (production)","timestamp":"2026-04-05 03:25:49"}
{"level":"info","message":"Connected to MongoDB at mongodb://192.168.2.33:27017/agentx","timestamp":"2026-04-05 03:25:49"}
{"level":"info","message":"agentx-data listening on port 3083","timestamp":"2026-04-05 03:25:49"}
{"level":"info","message":"[liveData] Config reloaded: {\"liveDataEnabled\":false,\"iss\":false,\"quakes\":false,\"weather\":false}","timestamp":"2026-04-05 03:25:49"}
{"level":"info","message":"[liveData] Master switch OFF — no intervals","timestamp":"2026-04-05 03:25:49"}
{"level":"info","message":"[liveData] Initialized","timestamp":"2026-04-05 03:25:49"}
{"level":"info","message":"agentx-data shut down.","timestamp":"2026-04-05 03:38:27"}
{"level":"info","message":"Starting agentx-data v1.0.0 (production)","timestamp":"2026-04-05 03:38:28"}
{"level":"info","message":"Connected to MongoDB at mongodb://192.168.2.33:27017/agentx","timestamp":"2026-04-05 03:38:28"}
{"level":"info","message":"agentx-data listening on port 3083","timestamp":"2026-04-05 03:38:28"}
{"level":"info","message":"[liveData] Config reloaded: {\"liveDataEnabled\":false,\"iss\":false,\"quakes\":false,\"weather\":false}","timestamp":"2026-04-05 03:38:28"}
{"level":"info","message":"[liveData] Master switch OFF — no intervals","timestamp":"2026-04-05 03:38:28"}
{"level":"info","message":"[liveData] Initialized","timestamp":"2026-04-05 03:38:28"}
{"level":"info","message":"agentx-data shut down.","timestamp":"2026-04-05 04:15:50"}
{"level":"info","message":"Starting agentx-data v1.0.0 (production)","timestamp":"2026-04-05 04:15:51"}
{"level":"info","message":"Connected to MongoDB at mongodb://192.168.2.33:27017/agentx","timestamp":"2026-04-05 04:15:51"}
{"level":"info","message":"agentx-data listening on port 3083","timestamp":"2026-04-05 04:15:51"}
{"level":"info","message":"[liveData] Config reloaded: {\"liveDataEnabled\":false,\"iss\":false,\"quakes\":false,\"weather\":false}","timestamp":"2026-04-05 04:15:51"}
{"level":"info","message":"[liveData] Master switch OFF — no intervals","timestamp":"2026-04-05 04:15:51"}
{"level":"info","message":"[liveData] Initialized","timestamp":"2026-04-05 04:15:51"}
{"level":"info","message":"agentx-data shut down.","timestamp":"2026-04-05 04:32:55"}
{"level":"info","message":"Starting agentx-data v1.0.0 (production)","timestamp":"2026-04-05 04:32:55"}
{"level":"info","message":"Connected to MongoDB at mongodb://192.168.2.33:27017/agentx","timestamp":"2026-04-05 04:32:55"}
{"level":"info","message":"agentx-data listening on port 3083","timestamp":"2026-04-05 04:32:55"}
{"level":"info","message":"[liveData] Config reloaded: {\"liveDataEnabled\":false,\"iss\":false,\"quakes\":false,\"weather\":false}","timestamp":"2026-04-05 04:32:55"}
{"level":"info","message":"[liveData] Master switch OFF — no intervals","timestamp":"2026-04-05 04:32:55"}
{"level":"info","message":"[liveData] Initialized","timestamp":"2026-04-05 04:32:55"}
{"level":"info","message":"agentx-data shut down.","timestamp":"2026-04-05 04:50:53"}
{"level":"info","message":"Starting agentx-data v1.0.0 (production)","timestamp":"2026-04-05 04:50:54"}
{"level":"info","message":"Connected to MongoDB at mongodb://192.168.2.33:27017/agentx","timestamp":"2026-04-05 04:50:54"}
{"level":"info","message":"agentx-data listening on port 3083","timestamp":"2026-04-05 04:50:54"}
{"level":"info","message":"[liveData] Config reloaded: {\"liveDataEnabled\":false,\"iss\":false,\"quakes\":false,\"weather\":false}","timestamp":"2026-04-05 04:50:54"}
{"level":"info","message":"[liveData] Master switch OFF — no intervals","timestamp":"2026-04-05 04:50:54"}
{"level":"info","message":"[liveData] Initialized","timestamp":"2026-04-05 04:50:54"}
{"level":"info","message":"agentx-data shut down.","timestamp":"2026-04-05 05:22:05"}
{"level":"info","message":"Starting agentx-data v1.0.0 (production)","timestamp":"2026-04-05 05:22:06"}
{"level":"info","message":"Connected to MongoDB at mongodb://192.168.2.33:27017/agentx","timestamp":"2026-04-05 05:22:06"}
{"level":"info","message":"agentx-data listening on port 3083","timestamp":"2026-04-05 05:22:06"}
{"level":"info","message":"[liveData] Config reloaded: {\"liveDataEnabled\":false,\"iss\":false,\"quakes\":false,\"weather\":false}","timestamp":"2026-04-05 05:22:06"}
{"level":"info","message":"[liveData] Master switch OFF — no intervals","timestamp":"2026-04-05 05:22:06"}
{"level":"info","message":"[liveData] Initialized","timestamp":"2026-04-05 05:22:06"}
{"level":"info","message":"agentx-data shut down.","timestamp":"2026-04-05 06:34:46"}
{"level":"info","message":"Starting agentx-data v1.0.0 (production)","timestamp":"2026-04-05 06:34:47"}
{"level":"info","message":"Connected to MongoDB at mongodb://192.168.2.33:27017/agentx","timestamp":"2026-04-05 06:34:47"}
{"level":"info","message":"agentx-data listening on port 3083","timestamp":"2026-04-05 06:34:47"}
{"level":"info","message":"[liveData] Config reloaded: {\"liveDataEnabled\":false,\"iss\":false,\"quakes\":false,\"weather\":false}","timestamp":"2026-04-05 06:34:47"}
{"level":"info","message":"[liveData] Master switch OFF — no intervals","timestamp":"2026-04-05 06:34:47"}
{"level":"info","message":"[liveData] Initialized","timestamp":"2026-04-05 06:34:47"}
{"level":"info","message":"agentx-data shut down.","timestamp":"2026-04-05 06:35:10"}
{"level":"info","message":"Starting agentx-data v1.0.0 (production)","timestamp":"2026-04-05 06:35:11"}
{"level":"info","message":"Connected to MongoDB at mongodb://192.168.2.33:27017/agentx","timestamp":"2026-04-05 06:35:11"}
{"level":"info","message":"agentx-data listening on port 3083","timestamp":"2026-04-05 06:35:11"}
{"level":"info","message":"[liveData] Config reloaded: {\"liveDataEnabled\":false,\"iss\":false,\"quakes\":false,\"weather\":false}","timestamp":"2026-04-05 06:35:11"}
{"level":"info","message":"[liveData] Master switch OFF — no intervals","timestamp":"2026-04-05 06:35:11"}
{"level":"info","message":"[liveData] Initialized","timestamp":"2026-04-05 06:35:11"}
{"level":"info","message":"agentx-data shut down.","timestamp":"2026-04-05 07:29:50"}
{"level":"info","message":"Starting agentx-data v1.0.0 (production)","timestamp":"2026-04-05 07:29:51"}
{"level":"info","message":"Connected to MongoDB at mongodb://192.168.2.33:27017/agentx","timestamp":"2026-04-05 07:29:51"}
{"level":"info","message":"agentx-data listening on port 3083","timestamp":"2026-04-05 07:29:51"}
{"level":"info","message":"[liveData] Config reloaded: {\"liveDataEnabled\":false,\"iss\":false,\"quakes\":false,\"weather\":false}","timestamp":"2026-04-05 07:29:51"}
{"level":"info","message":"[liveData] Master switch OFF — no intervals","timestamp":"2026-04-05 07:29:51"}
{"level":"info","message":"[liveData] Initialized","timestamp":"2026-04-05 07:29:51"}
{"level":"info","message":"agentx-data shut down.","timestamp":"2026-04-05 08:18:51"}
{"level":"info","message":"Starting agentx-data v1.0.0 (production)","timestamp":"2026-04-05 08:18:52"}
{"level":"info","message":"Connected to MongoDB at mongodb://192.168.2.33:27017/agentx","timestamp":"2026-04-05 08:18:52"}
{"level":"info","message":"agentx-data listening on port 3083","timestamp":"2026-04-05 08:18:52"}
{"level":"info","message":"[liveData] Config reloaded: {\"liveDataEnabled\":false,\"iss\":false,\"quakes\":false,\"weather\":false}","timestamp":"2026-04-05 08:18:52"}
{"level":"info","message":"[liveData] Master switch OFF — no intervals","timestamp":"2026-04-05 08:18:52"}
{"level":"info","message":"[liveData] Initialized","timestamp":"2026-04-05 08:18:52"}
{"level":"info","message":"agentx-data shut down.","timestamp":"2026-04-05 08:39:06"}
{"level":"info","message":"Starting agentx-data v1.0.0 (production)","timestamp":"2026-04-05 08:39:07"}
{"level":"info","message":"Connected to MongoDB at mongodb://192.168.2.33:27017/agentx","timestamp":"2026-04-05 08:39:07"}
{"level":"info","message":"agentx-data listening on port 3083","timestamp":"2026-04-05 08:39:07"}
{"level":"info","message":"[liveData] Config reloaded: {\"liveDataEnabled\":false,\"iss\":false,\"quakes\":false,\"weather\":false}","timestamp":"2026-04-05 08:39:07"}
{"level":"info","message":"[liveData] Master switch OFF — no intervals","timestamp":"2026-04-05 08:39:07"}
{"level":"info","message":"[liveData] Initialized","timestamp":"2026-04-05 08:39:07"}
{"level":"info","message":"agentx-data shut down.","timestamp":"2026-04-05 10:53:37"}
{"level":"info","message":"Starting agentx-data v1.0.0 (production)","timestamp":"2026-04-05 10:53:38"}
{"level":"info","message":"Connected to MongoDB at mongodb://192.168.2.33:27017/agentx","timestamp":"2026-04-05 10:53:38"}
{"level":"info","message":"agentx-data listening on port 3083","timestamp":"2026-04-05 10:53:38"}
{"level":"info","message":"[liveData] Config reloaded: {\"liveDataEnabled\":false,\"iss\":false,\"quakes\":false,\"weather\":false}","timestamp":"2026-04-05 10:53:38"}
{"level":"info","message":"[liveData] Master switch OFF — no intervals","timestamp":"2026-04-05 10:53:38"}
{"level":"info","message":"[liveData] Initialized","timestamp":"2026-04-05 10:53:38"}
{"level":"info","message":"agentx-data shut down.","timestamp":"2026-04-06 04:35:32"}
{"level":"info","message":"Starting agentx-data v1.0.0 (production)","timestamp":"2026-04-06 04:35:33"}
{"level":"info","message":"Connected to MongoDB at mongodb://192.168.2.33:27017/agentx","timestamp":"2026-04-06 04:35:33"}
{"level":"info","message":"agentx-data listening on port 3083","timestamp":"2026-04-06 04:35:33"}
{"level":"info","message":"[liveData] Config reloaded: {\"liveDataEnabled\":false,\"iss\":false,\"quakes\":false,\"weather\":false}","timestamp":"2026-04-06 04:35:33"}
{"level":"info","message":"[liveData] Master switch OFF — no intervals","timestamp":"2026-04-06 04:35:33"}
{"level":"info","message":"[liveData] Initialized","timestamp":"2026-04-06 04:35:33"}
{"level":"info","message":"Starting agentx-data v1.0.0 (development)","timestamp":"2026-04-06 05:03:46"}
{"level":"info","message":"Connected to MongoDB at mongodb://192.168.2.33:27017/datas","timestamp":"2026-04-06 05:03:46"}
{"level":"error","message":"Port 3083 is already in use.","timestamp":"2026-04-06 05:03:48"}
{"level":"info","message":"agentx-data shut down.","timestamp":"2026-04-06 14:15:00"}
{"level":"info","message":"Starting agentx-data v1.0.0 (production)","timestamp":"2026-04-06 14:15:01"}
{"level":"info","message":"Connected to MongoDB at mongodb://192.168.2.33:27017/agentx","timestamp":"2026-04-06 14:15:01"}
{"level":"info","message":"agentx-data listening on port 3083","timestamp":"2026-04-06 14:15:01"}
{"level":"info","message":"[liveData] Config reloaded: {\"liveDataEnabled\":false,\"iss\":false,\"quakes\":false,\"weather\":false}","timestamp":"2026-04-06 14:15:01"}
{"level":"info","message":"[liveData] Master switch OFF — no intervals","timestamp":"2026-04-06 14:15:01"}
{"level":"info","message":"[liveData] Initialized","timestamp":"2026-04-06 14:15:01"}
{"level":"info","message":"agentx-data shut down.","timestamp":"2026-04-06 14:27:35"}
{"level":"info","message":"Starting agentx-data v1.0.0 (production)","timestamp":"2026-04-06 14:27:36"}
{"level":"info","message":"Connected to MongoDB at mongodb://192.168.2.33:27017/agentx","timestamp":"2026-04-06 14:27:36"}
{"level":"info","message":"agentx-data listening on port 3083","timestamp":"2026-04-06 14:27:36"}
{"level":"info","message":"[liveData] Config reloaded: {\"liveDataEnabled\":false,\"iss\":false,\"quakes\":false,\"weather\":false}","timestamp":"2026-04-06 14:27:36"}
{"level":"info","message":"[liveData] Master switch OFF — no intervals","timestamp":"2026-04-06 14:27:36"}
{"level":"info","message":"[liveData] Initialized","timestamp":"2026-04-06 14:27:36"}
{"level":"info","message":"agentx-data shut down.","timestamp":"2026-04-06 14:38:30"}
{"level":"info","message":"Starting agentx-data v1.0.0 (production)","timestamp":"2026-04-06 14:38:31"}
{"level":"info","message":"Connected to MongoDB at mongodb://192.168.2.33:27017/agentx","timestamp":"2026-04-06 14:38:31"}
{"level":"info","message":"agentx-data listening on port 3083","timestamp":"2026-04-06 14:38:31"}
{"level":"info","message":"[liveData] Config reloaded: {\"liveDataEnabled\":false,\"iss\":false,\"quakes\":false,\"weather\":false}","timestamp":"2026-04-06 14:38:31"}
{"level":"info","message":"[liveData] Master switch OFF — no intervals","timestamp":"2026-04-06 14:38:31"}
{"level":"info","message":"[liveData] Initialized","timestamp":"2026-04-06 14:38:31"}
{"level":"info","message":"agentx-data shut down.","timestamp":"2026-04-06 21:16:07"}
{"level":"info","message":"Starting agentx-data v1.0.0 (production)","timestamp":"2026-04-06 21:16:08"}
{"level":"info","message":"Connected to MongoDB at mongodb://192.168.2.33:27017/agentx","timestamp":"2026-04-06 21:16:08"}
{"level":"info","message":"agentx-data listening on port 3083","timestamp":"2026-04-06 21:16:08"}
{"level":"info","message":"[liveData] Config reloaded: {\"liveDataEnabled\":false,\"iss\":false,\"quakes\":false,\"weather\":false}","timestamp":"2026-04-06 21:16:08"}
{"level":"info","message":"[liveData] Master switch OFF — no intervals","timestamp":"2026-04-06 21:16:08"}
{"level":"info","message":"[liveData] Initialized","timestamp":"2026-04-06 21:16:08"}
{"level":"info","message":"agentx-data shut down.","timestamp":"2026-04-06 22:21:26"}
{"level":"info","message":"Starting agentx-data v1.0.0 (production)","timestamp":"2026-04-06 22:21:27"}
{"level":"info","message":"Connected to MongoDB at mongodb://192.168.2.33:27017/agentx","timestamp":"2026-04-06 22:21:27"}
{"level":"info","message":"agentx-data listening on port 3083","timestamp":"2026-04-06 22:21:27"}
{"level":"info","message":"[liveData] Config reloaded: {\"liveDataEnabled\":false,\"iss\":false,\"quakes\":false,\"weather\":false}","timestamp":"2026-04-06 22:21:27"}
{"level":"info","message":"[liveData] Master switch OFF — no intervals","timestamp":"2026-04-06 22:21:27"}
{"level":"info","message":"[liveData] Initialized","timestamp":"2026-04-06 22:21:27"}
{"level":"info","message":"agentx-data shut down.","timestamp":"2026-04-06 23:02:58"}
{"level":"info","message":"Starting agentx-data v1.0.0 (production)","timestamp":"2026-04-06 23:02:59"}
{"level":"info","message":"Connected to MongoDB at mongodb://192.168.2.33:27017/agentx","timestamp":"2026-04-06 23:02:59"}
{"level":"info","message":"agentx-data listening on port 3083","timestamp":"2026-04-06 23:02:59"}
{"level":"info","message":"[liveData] Config reloaded: {\"liveDataEnabled\":false,\"iss\":false,\"quakes\":false,\"weather\":false}","timestamp":"2026-04-06 23:02:59"}
{"level":"info","message":"[liveData] Master switch OFF — no intervals","timestamp":"2026-04-06 23:02:59"}
{"level":"info","message":"[liveData] Initialized","timestamp":"2026-04-06 23:02:59"}
{"level":"info","message":"agentx-data shut down.","timestamp":"2026-04-07 14:46:38"}
{"level":"info","message":"Starting agentx-data v1.0.0 (production)","timestamp":"2026-04-07 14:46:38"}
{"level":"info","message":"Connected to MongoDB at mongodb://192.168.2.33:27017/agentx","timestamp":"2026-04-07 14:46:38"}
{"level":"info","message":"agentx-data listening on port 3083","timestamp":"2026-04-07 14:46:38"}
{"level":"info","message":"[liveData] Config reloaded: {\"liveDataEnabled\":false,\"iss\":false,\"quakes\":false,\"weather\":false}","timestamp":"2026-04-07 14:46:38"}
{"level":"info","message":"[liveData] Master switch OFF — no intervals","timestamp":"2026-04-07 14:46:38"}
{"level":"info","message":"[liveData] Initialized","timestamp":"2026-04-07 14:46:38"}
{"level":"info","message":"agentx-data shut down.","timestamp":"2026-04-07 17:29:11"}
{"level":"info","message":"Starting agentx-data v1.0.0 (production)","timestamp":"2026-04-07 17:29:11"}
{"level":"info","message":"Connected to MongoDB at mongodb://192.168.2.33:27017/agentx","timestamp":"2026-04-07 17:29:11"}
{"level":"warn","message":"[indexes] Failed to create network_devices.mac_unique: An existing index has the same name as the requested index. When index names are not specified, they are auto generated and can cause conflicts. Please refer to our documentation. Requested index: { v: 2, unique: true, key: { mac: 1 }, name: \"mac_unique\" }, existing index: { v: 2, unique: true, key: { mac: 1 }, name: \"mac_unique\", partialFilterExpression: { mac: { $gt: \"\" } } }","timestamp":"2026-04-07 17:29:12"}
{"level":"info","message":"agentx-data listening on port 3083","timestamp":"2026-04-07 17:29:12"}
{"level":"info","message":"[liveData] Config reloaded: {\"liveDataEnabled\":false,\"iss\":false,\"quakes\":false,\"weather\":false}","timestamp":"2026-04-07 17:29:12"}
{"level":"info","message":"[liveData] Master switch OFF — no intervals","timestamp":"2026-04-07 17:29:12"}
{"level":"info","message":"[liveData] Initialized","timestamp":"2026-04-07 17:29:12"}
{"level":"info","message":"agentx-data shut down.","timestamp":"2026-04-08 03:16:43"}
{"level":"info","message":"Starting agentx-data v1.0.0 (production)","timestamp":"2026-04-08 03:16:44"}
{"level":"info","message":"Connected to MongoDB at mongodb://192.168.2.33:27017/agentx","timestamp":"2026-04-08 03:16:44"}
{"level":"warn","message":"[indexes] Failed to create network_devices.mac_unique: An existing index has the same name as the requested index. When index names are not specified, they are auto generated and can cause conflicts. Please refer to our documentation. Requested index: { v: 2, unique: true, key: { mac: 1 }, name: \"mac_unique\" }, existing index: { v: 2, unique: true, key: { mac: 1 }, name: \"mac_unique\", partialFilterExpression: { mac: { $gt: \"\" } } }","timestamp":"2026-04-08 03:16:44"}
{"level":"info","message":"agentx-data listening on port 3083","timestamp":"2026-04-08 03:16:44"}
{"level":"info","message":"[liveData] Config reloaded: {\"liveDataEnabled\":false,\"iss\":false,\"quakes\":false,\"weather\":false}","timestamp":"2026-04-08 03:16:44"}
{"level":"info","message":"[liveData] Master switch OFF — no intervals","timestamp":"2026-04-08 03:16:44"}
{"level":"info","message":"[liveData] Initialized","timestamp":"2026-04-08 03:16:44"}
{"level":"info","message":"agentx-data shut down.","timestamp":"2026-04-08 04:49:28"}
{"level":"info","message":"Starting agentx-data v1.0.0 (production)","timestamp":"2026-04-08 04:49:29"}
{"level":"info","message":"Connected to MongoDB at mongodb://192.168.2.33:27017/agentx","timestamp":"2026-04-08 04:49:29"}
{"level":"warn","message":"[indexes] Failed to create network_devices.mac_unique: An existing index has the same name as the requested index. When index names are not specified, they are auto generated and can cause conflicts. Please refer to our documentation. Requested index: { v: 2, unique: true, key: { mac: 1 }, name: \"mac_unique\" }, existing index: { v: 2, unique: true, key: { mac: 1 }, name: \"mac_unique\", partialFilterExpression: { mac: { $gt: \"\" } } }","timestamp":"2026-04-08 04:49:29"}
{"level":"info","message":"agentx-data listening on port 3083","timestamp":"2026-04-08 04:49:29"}
{"level":"info","message":"[liveData] Config reloaded: {\"liveDataEnabled\":false,\"iss\":false,\"quakes\":false,\"weather\":false}","timestamp":"2026-04-08 04:49:29"}
{"level":"info","message":"[liveData] Master switch OFF — no intervals","timestamp":"2026-04-08 04:49:29"}
{"level":"info","message":"[liveData] Initialized","timestamp":"2026-04-08 04:49:29"}
{"level":"info","message":"agentx-data shut down.","timestamp":"2026-04-08 23:35:25"}
{"level":"info","message":"Starting agentx-data v1.0.0 (production)","timestamp":"2026-04-08 23:35:33"}
{"level":"info","message":"Connected to MongoDB at mongodb://192.168.2.33:27017/agentx","timestamp":"2026-04-08 23:35:33"}
{"level":"warn","message":"[indexes] Failed to create network_devices.mac_unique: An existing index has the same name as the requested index. When index names are not specified, they are auto generated and can cause conflicts. Please refer to our documentation. Requested index: { v: 2, unique: true, key: { mac: 1 }, name: \"mac_unique\" }, existing index: { v: 2, unique: true, key: { mac: 1 }, name: \"mac_unique\", partialFilterExpression: { mac: { $gt: \"\" } } }","timestamp":"2026-04-08 23:35:33"}
{"level":"info","message":"agentx-data listening on port 3083","timestamp":"2026-04-08 23:35:34"}
{"level":"info","message":"[liveData] Config reloaded: {\"liveDataEnabled\":false,\"iss\":false,\"quakes\":false,\"weather\":false}","timestamp":"2026-04-08 23:35:34"}
{"level":"info","message":"[liveData] Master switch OFF — no intervals","timestamp":"2026-04-08 23:35:34"}
{"level":"info","message":"[liveData] Initialized","timestamp":"2026-04-08 23:35:34"}
{"level":"info","message":"agentx-data shut down.","timestamp":"2026-04-08 23:59:36"}
{"level":"info","message":"Starting agentx-data v1.0.0 (production)","timestamp":"2026-04-08 23:59:37"}
{"level":"info","message":"Connected to MongoDB at mongodb://192.168.2.33:27017/agentx","timestamp":"2026-04-08 23:59:37"}
{"level":"warn","message":"[indexes] Failed to create network_devices.mac_unique: An existing index has the same name as the requested index. When index names are not specified, they are auto generated and can cause conflicts. Please refer to our documentation. Requested index: { v: 2, unique: true, key: { mac: 1 }, name: \"mac_unique\" }, existing index: { v: 2, unique: true, key: { mac: 1 }, name: \"mac_unique\", partialFilterExpression: { mac: { $gt: \"\" } } }","timestamp":"2026-04-08 23:59:37"}
{"level":"info","message":"agentx-data listening on port 3083","timestamp":"2026-04-08 23:59:37"}
{"level":"info","message":"[liveData] Config reloaded: {\"liveDataEnabled\":false,\"iss\":false,\"quakes\":false,\"weather\":false}","timestamp":"2026-04-08 23:59:38"}
{"level":"info","message":"[liveData] Master switch OFF — no intervals","timestamp":"2026-04-08 23:59:38"}
{"level":"info","message":"[liveData] Initialized","timestamp":"2026-04-08 23:59:38"}
{"level":"info","message":"agentx-data shut down.","timestamp":"2026-04-09 01:14:58"}
{"level":"info","message":"Starting agentx-data v1.0.0 (production)","timestamp":"2026-04-09 01:14:59"}
{"level":"info","message":"Connected to MongoDB at mongodb://192.168.2.33:27017/agentx","timestamp":"2026-04-09 01:14:59"}
{"level":"warn","message":"[indexes] Failed to create network_devices.mac_unique: An existing index has the same name as the requested index. When index names are not specified, they are auto generated and can cause conflicts. Please refer to our documentation. Requested index: { v: 2, unique: true, key: { mac: 1 }, name: \"mac_unique\" }, existing index: { v: 2, unique: true, key: { mac: 1 }, name: \"mac_unique\", partialFilterExpression: { mac: { $gt: \"\" } } }","timestamp":"2026-04-09 01:14:59"}
{"level":"info","message":"agentx-data listening on port 3083","timestamp":"2026-04-09 01:14:59"}
{"level":"info","message":"[liveData] Config reloaded: {\"liveDataEnabled\":false,\"iss\":false,\"quakes\":false,\"weather\":false}","timestamp":"2026-04-09 01:14:59"}
{"level":"info","message":"[liveData] Master switch OFF — no intervals","timestamp":"2026-04-09 01:14:59"}
{"level":"info","message":"[liveData] Initialized","timestamp":"2026-04-09 01:14:59"}
{"level":"info","message":"agentx-data shut down.","timestamp":"2026-04-09 02:43:53"}
{"level":"info","message":"Starting agentx-data v1.0.0 (production)","timestamp":"2026-04-09 02:43:54"}
{"level":"info","message":"Connected to MongoDB at mongodb://192.168.2.33:27017/agentx","timestamp":"2026-04-09 02:43:54"}
{"level":"warn","message":"[indexes] Failed to create network_devices.mac_unique: An existing index has the same name as the requested index. When index names are not specified, they are auto generated and can cause conflicts. Please refer to our documentation. Requested index: { v: 2, unique: true, key: { mac: 1 }, name: \"mac_unique\" }, existing index: { v: 2, unique: true, key: { mac: 1 }, name: \"mac_unique\", partialFilterExpression: { mac: { $gt: \"\" } } }","timestamp":"2026-04-09 02:43:54"}
{"level":"info","message":"agentx-data listening on port 3083","timestamp":"2026-04-09 02:43:54"}
{"level":"info","message":"[liveData] Config reloaded: {\"liveDataEnabled\":false,\"iss\":false,\"quakes\":false,\"weather\":false}","timestamp":"2026-04-09 02:43:54"}
{"level":"info","message":"[liveData] Master switch OFF — no intervals","timestamp":"2026-04-09 02:43:54"}
{"level":"info","message":"[liveData] Initialized","timestamp":"2026-04-09 02:43:54"}
